=== p_spill=0 -> /tmp/synth_p0 ===
generating 400 views  SHARE_FRAC=0.0
  0/400
  200/400
done -> /tmp/synth_p0
  --- verdict lines ---
air_L             2908  0.550   0.996  +0.0002  +0.001  -0.000  +0.000   0.001
air_R             2927  0.560   0.997  +0.0003  +0.001  +0.001  +0.001   0.001
deep_centre        601  0.688   0.986  +0.0002  +0.000  +0.000  +0.000   0.000
=== p_spill=0.01 -> /tmp/synth_p001 ===
generating 400 views  SHARE_FRAC=0.0
  0/400
  200/400
done -> /tmp/synth_p001
  --- verdict lines ---
air_L             2908  0.550   0.997  -0.0347  +0.001  +0.000  +0.001   0.002
air_R             2927  0.560   0.996  -0.0352  +0.001  +0.000  +0.000   0.001
deep_centre        601  0.688   0.986  -0.0086  +0.000  -0.000  -0.000   0.001
=== p_spill=0.05 -> /tmp/synth_p005 ===
generating 400 views  SHARE_FRAC=0.0
  0/400
  200/400
done -> /tmp/synth_p005
  --- verdict lines ---
air_L             2908  0.550   0.998  -0.4753  +0.001  -0.000  +0.000   0.001
air_R             2927  0.560   0.997  -0.4765  -0.000  +0.000  -0.000   0.001
deep_centre        601  0.688   0.987  -0.1669  +0.000  +0.000  +0.000   0.001
=== p_spill=0.10 -> /tmp/synth_p010 ===
generating 400 views  SHARE_FRAC=0.0
  0/400
  200/400
done -> /tmp/synth_p010
  --- verdict lines ---
air_L             2908  0.550   0.997  -0.7839  +0.000  +0.000  +0.000   0.001
air_R             2927  0.560   0.996  -0.7843  +0.001  +0.000  +0.001   0.001
deep_centre        601  0.688   0.986  -0.4391  +0.000  -0.000  -0.000   0.001
GATE_A2_COMPLETE
