  bad pixels: 25937 (25934 from table, 3 added by thresholds)
  0/360  3s
  200/360  8s
  prepared (360, 252, 1031) in 13s
  bad pixels: 25948 (25934 from table, 14 added by thresholds)
  0/360  3s
  200/360  7s
  prepared (360, 252, 1031) in 12s
  bad pixels: 25945 (25934 from table, 11 added by thresholds)
  0/360  3s
  200/360  9s
  prepared (360, 252, 1031) in 15s
  bad pixels: 25941 (25934 from table, 7 added by thresholds)
  0/360  3s
  200/360  8s
  prepared (360, 252, 1031) in 16s
geometric double-coverage: 17.8% of covered volume
double-covered z bands (mm, couch coords): [(484.7, 490.1), (499.7, 505.2), (514.7, 520.2)]
tissue in double-covered regions: kernel 23.4% of kernel voxels, shell 49.0% of shell voxels
  registration couch_1->2: +0.59 mm (corr 0.704), nominal +15.00 mm
  registration couch_2->3: +1.56 mm (corr 0.622), nominal +15.00 mm
  registration couch_3->4: +0.00 mm (corr 0.855), nominal +15.00 mm
wrote gateB/results.json
