
======================================================================
KILL TEST — Water_Phantom
======================================================================

[1] view angles
  WARNING: falling back to uniform 0..2pi view angles

[2] loading ROIs (one pass per bin)
    Total    0/400  (  0.0s)
    Total  200/400  (  0.1s)
    Total done in 0.2s
    High    0/400  (  0.0s)
    High  200/400  (  0.1s)
    High done in 0.2s

[3] bad-pixel mask
  WARNING: no bad-pixel table; using measured criteria only
  good pixels: 1039290 / 1041815 (99.76%)

[4] drift normalisation — dropping 0 outlier views

[5] air_L
    count rate  2908.1   High/Total 0.550
    no detrend (air ROI — never sees the phantom)
    Fano   T  0.996   H  0.997
    rho_LH +0.0002
    neighbour corr:  TT_x1=+0.001  HH_x1=-0.000  TH_x1=+0.000  TT_x2=+0.001

[5] air_R
    count rate  2927.3   High/Total 0.560
    no detrend (air ROI — never sees the phantom)
    Fano   T  0.997   H  0.997
    rho_LH +0.0003
    neighbour corr:  TT_x1=+0.001  HH_x1=+0.001  TH_x1=+0.001  TT_x2=+0.000

[5] edge_L
    count rate  1452.0   High/Total 0.632
    harmonic detrend removed 94.9% (T) / 89.0% (H) of variance
    Fano   T  1.000   H  0.990
    rho_LH +0.0094
    neighbour corr:  TT_x1=+0.008  HH_x1=+0.003  TH_x1=+0.006  TT_x2=+0.008

[5] light_L
    count rate   929.2   High/Total 0.667
    harmonic detrend removed 67.3% (T) / 53.2% (H) of variance
    Fano   T  0.987   H  0.986
    rho_LH +0.0001
    neighbour corr:  TT_x1=+0.001  HH_x1=+0.000  TH_x1=+0.001  TT_x2=-0.001

[5] medium_L
    count rate   689.6   High/Total 0.682
    harmonic detrend removed 26.0% (T) / 17.6% (H) of variance
    Fano   T  0.987   H  0.986
    rho_LH +0.0002
    neighbour corr:  TT_x1=+0.000  HH_x1=-0.000  TH_x1=+0.000  TT_x2=-0.000

[5] deep_centre
    count rate   600.9   High/Total 0.688
    harmonic detrend removed 2.7% (T) / 2.1% (H) of variance
    Fano   T  0.986   H  0.986
    rho_LH +0.0002
    neighbour corr:  TT_x1=+0.000  HH_x1=+0.000  TH_x1=+0.000  TT_x2=-0.000

[5] medium_R
    count rate   759.7   High/Total 0.678
    harmonic detrend removed 40.8% (T) / 28.9% (H) of variance
    Fano   T  0.985   H  0.986
    rho_LH -0.0004
    neighbour corr:  TT_x1=+0.001  HH_x1=+0.000  TH_x1=+0.000  TT_x2=-0.001

[5] light_R
    count rate  1336.7   High/Total 0.639
    harmonic detrend removed 92.8% (T) / 85.2% (H) of variance
    Fano   T  0.992   H  0.989
    rho_LH +0.0025
    neighbour corr:  TT_x1=+0.003  HH_x1=+0.001  TH_x1=+0.001  TT_x2=+0.004

======================================================================
VERDICT
======================================================================
per-pair standard error ~0.0500; medians over thousands of pairs

(TH_x0, the same-pixel Total-High correlation, is excluded throughout:
 High is a subset of Total, so it is trivially large and carries no physics.)

ROI               rate    H/T   FanoT   rho_LH   TT_x1   HH_x1   TH_x1   |max|
air_L             2908  0.550   0.996  +0.0002  +0.001  -0.000  +0.000   0.001
air_R             2927  0.560   0.997  +0.0003  +0.001  +0.001  +0.001   0.001
edge_L            1452  0.632   1.000  +0.0094  +0.008  +0.003  +0.006   0.010
light_L            929  0.667   0.987  +0.0001  +0.001  +0.000  +0.001   0.001
medium_L           690  0.682   0.987  +0.0002  +0.000  -0.000  +0.000   0.001
deep_centre        601  0.688   0.986  +0.0002  +0.000  +0.000  +0.000   0.000
medium_R           760  0.678   0.985  -0.0004  +0.001  +0.000  +0.000   0.001
light_R           1337  0.639   0.992  +0.0025  +0.003  +0.001  +0.001   0.004

peak |correlation| overall : 0.0096
peak |correlation| in air  : 0.0013   (no detrending, cleanest evidence)
max |Fano - 1|             : 0.0146
max |rho_LH|               : 0.0094

>>> KILL. Everything below ~0.05.
    Before falling back: confirm detrending did not over-fit (check var_removed), and
    confirm the air ROIs agree with the object ROIs.

artifacts written to gateA/results/p0/
