
======================================================================
KILL TEST — Water_Phantom
======================================================================

[1] view angles
  WARNING: falling back to uniform 0..2pi view angles

[2] loading ROIs (one pass per bin)
    Total    0/400  (  0.0s)
    Total  200/400  (  0.4s)
    Total done in 0.6s
    High    0/400  (  0.0s)
    High  200/400  (  0.4s)
    High done in 0.7s

[3] bad-pixel mask
  WARNING: no bad-pixel table; using measured criteria only
  good pixels: 1039290 / 1041815 (99.76%)

[4] drift normalisation — dropping 0 outlier views

[5] air_L
    count rate  2908.1   High/Total 0.550
    no detrend (air ROI — never sees the phantom)
    Fano   T  0.997   H  1.030
    rho_LH -0.0347
    neighbour corr:  TT_x1=+0.001  HH_x1=+0.000  TH_x1=+0.001  TT_x2=+0.002

[5] air_R
    count rate  2927.3   High/Total 0.560
    no detrend (air ROI — never sees the phantom)
    Fano   T  0.996   H  1.030
    rho_LH -0.0352
    neighbour corr:  TT_x1=+0.001  HH_x1=+0.000  TH_x1=+0.000  TT_x2=-0.000

[5] edge_L
    count rate  1451.9   High/Total 0.632
    harmonic detrend removed 94.9% (T) / 88.9% (H) of variance
    Fano   T  0.999   H  1.006
    rho_LH -0.0096
    neighbour corr:  TT_x1=+0.009  HH_x1=+0.002  TH_x1=+0.004  TT_x2=+0.008

[5] light_L
    count rate   929.2   High/Total 0.667
    harmonic detrend removed 67.3% (T) / 53.0% (H) of variance
    Fano   T  0.984   H  0.994
    rho_LH -0.0118
    neighbour corr:  TT_x1=+0.001  HH_x1=-0.001  TH_x1=-0.000  TT_x2=-0.001

[5] medium_L
    count rate   689.6   High/Total 0.682
    harmonic detrend removed 26.0% (T) / 17.5% (H) of variance
    Fano   T  0.986   H  0.992
    rho_LH -0.0092
    neighbour corr:  TT_x1=-0.000  HH_x1=-0.000  TH_x1=-0.000  TT_x2=+0.000

[5] deep_centre
    count rate   600.9   High/Total 0.688
    harmonic detrend removed 2.7% (T) / 2.1% (H) of variance
    Fano   T  0.986   H  0.991
    rho_LH -0.0086
    neighbour corr:  TT_x1=+0.000  HH_x1=-0.000  TH_x1=-0.000  TT_x2=+0.000

[5] medium_R
    count rate   759.6   High/Total 0.678
    harmonic detrend removed 40.8% (T) / 28.7% (H) of variance
    Fano   T  0.986   H  0.993
    rho_LH -0.0101
    neighbour corr:  TT_x1=+0.000  HH_x1=+0.001  TH_x1=+0.000  TT_x2=-0.001

[5] light_R
    count rate  1336.7   High/Total 0.639
    harmonic detrend removed 92.8% (T) / 85.1% (H) of variance
    Fano   T  0.993   H  1.001
    rho_LH -0.0143
    neighbour corr:  TT_x1=+0.002  HH_x1=+0.000  TH_x1=+0.001  TT_x2=+0.004

======================================================================
VERDICT
======================================================================
per-pair standard error ~0.0500; medians over thousands of pairs

(TH_x0, the same-pixel Total-High correlation, is excluded throughout:
 High is a subset of Total, so it is trivially large and carries no physics.)

ROI               rate    H/T   FanoT   rho_LH   TT_x1   HH_x1   TH_x1   |max|
air_L             2908  0.550   0.997  -0.0347  +0.001  +0.000  +0.001   0.002
air_R             2927  0.560   0.996  -0.0352  +0.001  +0.000  +0.000   0.001
edge_L            1452  0.632   0.999  -0.0096  +0.009  +0.002  +0.004   0.010
light_L            929  0.667   0.984  -0.0118  +0.001  -0.001  -0.000   0.001
medium_L           690  0.682   0.986  -0.0092  -0.000  -0.000  -0.000   0.001
deep_centre        601  0.688   0.986  -0.0086  +0.000  -0.000  -0.000   0.001
medium_R           760  0.678   0.986  -0.0101  +0.000  +0.001  +0.000   0.001
light_R           1337  0.639   0.993  -0.0143  +0.002  +0.000  +0.001   0.005

peak |correlation| overall : 0.0100
peak |correlation| in air  : 0.0017   (no detrending, cleanest evidence)
max |Fano - 1|             : 0.0156
max |rho_LH|               : 0.0352

>>> KILL. Everything below ~0.05.
    Before falling back: confirm detrending did not over-fit (check var_removed), and
    confirm the air ROIs agree with the object ROIs.

artifacts written to gateA/results/p001/
