
======================================================================
KILL TEST — Water_Phantom
======================================================================

[1] view angles
  WARNING: falling back to uniform 0..2pi view angles

[2] loading ROIs (one pass per bin)
    Total    0/400  (  0.0s)
    Total  200/400  (  0.3s)
    Total done in 0.6s
    High    0/400  (  0.0s)
    High  200/400  (  0.3s)
    High done in 0.6s

[3] bad-pixel mask
  WARNING: no bad-pixel table; using measured criteria only
  good pixels: 1039290 / 1041815 (99.76%)

[4] drift normalisation — dropping 0 outlier views

[5] air_L
    count rate  2908.0   High/Total 0.550
    no detrend (air ROI — never sees the phantom)
    Fano   T  0.998   H  1.823
    rho_LH -0.4753
    neighbour corr:  TT_x1=+0.001  HH_x1=-0.000  TH_x1=+0.000  TT_x2=+0.001

[5] air_R
    count rate  2927.3   High/Total 0.560
    no detrend (air ROI — never sees the phantom)
    Fano   T  0.997   H  1.825
    rho_LH -0.4765
    neighbour corr:  TT_x1=-0.000  HH_x1=+0.000  TH_x1=-0.000  TT_x2=+0.001

[5] edge_L
    count rate  1452.0   High/Total 0.632
    harmonic detrend removed 94.9% (T) / 85.6% (H) of variance
    Fano   T  0.998   H  1.341
    rho_LH -0.3086
    neighbour corr:  TT_x1=+0.010  HH_x1=+0.002  TH_x1=+0.004  TT_x2=+0.008

[5] light_L
    count rate   929.2   High/Total 0.667
    harmonic detrend removed 67.3% (T) / 48.3% (H) of variance
    Fano   T  0.985   H  1.201
    rho_LH -0.2336
    neighbour corr:  TT_x1=+0.000  HH_x1=-0.000  TH_x1=-0.000  TT_x2=-0.000

[5] medium_L
    count rate   689.6   High/Total 0.682
    harmonic detrend removed 26.0% (T) / 15.7% (H) of variance
    Fano   T  0.985   H  1.140
    rho_LH -0.1860
    neighbour corr:  TT_x1=-0.000  HH_x1=-0.000  TH_x1=-0.000  TT_x2=-0.000

[5] deep_centre
    count rate   600.9   High/Total 0.688
    harmonic detrend removed 2.7% (T) / 1.9% (H) of variance
    Fano   T  0.987   H  1.121
    rho_LH -0.1669
    neighbour corr:  TT_x1=+0.000  HH_x1=+0.000  TH_x1=+0.000  TT_x2=-0.000

[5] medium_R
    count rate   759.7   High/Total 0.678
    harmonic detrend removed 40.8% (T) / 25.7% (H) of variance
    Fano   T  0.986   H  1.159
    rho_LH -0.2004
    neighbour corr:  TT_x1=+0.000  HH_x1=+0.000  TH_x1=+0.000  TT_x2=-0.000

[5] light_R
    count rate  1336.7   High/Total 0.639
    harmonic detrend removed 92.8% (T) / 81.2% (H) of variance
    Fano   T  0.992   H  1.309
    rho_LH -0.2972
    neighbour corr:  TT_x1=+0.003  HH_x1=+0.000  TH_x1=+0.002  TT_x2=+0.004

======================================================================
VERDICT
======================================================================
per-pair standard error ~0.0500; medians over thousands of pairs

(TH_x0, the same-pixel Total-High correlation, is excluded throughout:
 High is a subset of Total, so it is trivially large and carries no physics.)

ROI               rate    H/T   FanoT   rho_LH   TT_x1   HH_x1   TH_x1   |max|
air_L             2908  0.550   0.998  -0.4753  +0.001  -0.000  +0.000   0.001
air_R             2927  0.560   0.997  -0.4765  -0.000  +0.000  -0.000   0.001
edge_L            1452  0.632   0.998  -0.3086  +0.010  +0.002  +0.004   0.010
light_L            929  0.667   0.985  -0.2336  +0.000  -0.000  -0.000   0.001
medium_L           690  0.682   0.985  -0.1860  -0.000  -0.000  -0.000   0.001
deep_centre        601  0.688   0.987  -0.1669  +0.000  +0.000  +0.000   0.001
medium_R           760  0.678   0.986  -0.2004  +0.000  +0.000  +0.000   0.001
light_R           1337  0.639   0.992  -0.2972  +0.003  +0.000  +0.002   0.004

peak |correlation| overall : 0.0098
peak |correlation| in air  : 0.0014   (no detrending, cleanest evidence)
max |Fano - 1|             : 0.0150
max |rho_LH|               : 0.4765

>>> GO. Effect is large enough to build the loss around.
    The measured Sigma is Figure 2. Proceed to Step 9 (analytic propagation).

artifacts written to gateA/results/p005/
